{"time":"<TIME>","name":"log","level":"info","data":{"message":"This is informative"},"context":{"host":"<HOST>","processId":"<PROCESS_ID>","threadId":"<THREAD_ID>","line":34,"file":"LogBuilderAspectIntegrationTest.java","class":"com.arpnetworking.steno.aspect.LogBuilderAspectIntegrationTest"},"id":"<ID>","version":"0"}
{"time":"<TIME>","name":"log","level":"warn","data":{"message":"This is a warning"},"context":{"host":"<HOST>","processId":"<PROCESS_ID>","threadId":"<THREAD_ID>","line":35,"file":"LogBuilderAspectIntegrationTest.java","class":"com.arpnetworking.steno.aspect.LogBuilderAspectIntegrationTest"},"id":"<ID>","version":"0"}
{"time":"<TIME>","name":"log","level":"crit","data":{"message":"This is an error"},"context":{"host":"<HOST>","processId":"<PROCESS_ID>","threadId":"<THREAD_ID>","line":36,"file":"LogBuilderAspectIntegrationTest.java","class":"com.arpnetworking.steno.aspect.LogBuilderAspectIntegrationTest"},"id":"<ID>","version":"0"}
