{"time":"<TIME>","name":"test","level":"info","data":{"message":"WidgetWithJsonValue.class","widget":{"jsonValue":"w1"}},"context":{"host":"<HOST>","processId":"<PROCESS_ID>","threadId":"<THREAD_ID>","logger":"ROOT"},"id":"<ID>","version":"0"}
{"time":"<TIME>","name":"test","level":"info","data":{"message":"WidgetWithLogValue.class","widget":{"logValue":"w2"}},"context":{"host":"<HOST>","processId":"<PROCESS_ID>","threadId":"<THREAD_ID>","logger":"ROOT"},"id":"<ID>","version":"0"}
{"time":"<TIME>","name":"test","level":"info","data":{"message":"WidgetWithLogValueProvidingReference.class","widget":{"_id":"<ID>","_class":"com.arpnetworking.logback.widgets.WidgetWithLogValueProvidingReference","logValue":"w3"}},"context":{"host":"<HOST>","processId":"<PROCESS_ID>","threadId":"<THREAD_ID>","logger":"ROOT"},"id":"<ID>","version":"0"}
