{"time":"<TIME>","name":"IT","level":"crit","data":{"message":"1. This is an error","MAP1":{"MAPKEY2":"MAPVALUE2","MAPKEY1":"MAPVALUE1"}},"context":{"host":"<HOST>","processId":"<PROCESS_ID>","threadId":"<THREAD_ID>","logger":"ROOT"},"id":"<ID>","version":"0"}
{"time":"<TIME>","name":"IT","level":"crit","data":{"message":"2. This is an error","MAP1":{"MAPKEY1":{"logValue":"WIDGETVALUE1"}}},"context":{"host":"<HOST>","processId":"<PROCESS_ID>","threadId":"<THREAD_ID>","logger":"ROOT"},"id":"<ID>","version":"0"}
{"time":"<TIME>","name":"IT","level":"crit","data":{"message":"3. This is an error","MAP1":{"MAPKEY1":{"_id":"<ID>","_class":"com.arpnetworking.logback.widgets.Widget"}}},"context":{"host":"<HOST>","processId":"<PROCESS_ID>","threadId":"<THREAD_ID>","logger":"ROOT"},"id":"<ID>","version":"0"}
{"time":"<TIME>","name":"IT","level":"crit","data":{"message":"4. This is an error","LIST1":["LISTVALUE1","LISTVALUE2"]},"context":{"host":"<HOST>","processId":"<PROCESS_ID>","threadId":"<THREAD_ID>","logger":"ROOT"},"id":"<ID>","version":"0"}
{"time":"<TIME>","name":"IT","level":"crit","data":{"message":"5. This is an error","LIST1":[{"logValue":"WIDGETVALUE1"}]},"context":{"host":"<HOST>","processId":"<PROCESS_ID>","threadId":"<THREAD_ID>","logger":"ROOT"},"id":"<ID>","version":"0"}
{"time":"<TIME>","name":"IT","level":"crit","data":{"message":"6. This is an error","LIST1":[{"_id":"<ID>","_class":"com.arpnetworking.logback.widgets.Widget"}]},"context":{"host":"<HOST>","processId":"<PROCESS_ID>","threadId":"<THREAD_ID>","logger":"ROOT"},"id":"<ID>","version":"0"}
