{"time":"<TIME>","name":"log","level":"info","data":{"message":"This is informative"},"context":{"host":"<HOST>","processId":"<PROCESS_ID>","threadId":"<THREAD_ID>","logger":"ROOT","MDC_KEY1":null,"MDC_KEY2":"Easy"},"id":"<ID>","version":"0"}
{"time":"<TIME>","name":"log","level":"warn","data":{"message":"This is a warning"},"context":{"host":"<HOST>","processId":"<PROCESS_ID>","threadId":"<THREAD_ID>","logger":"ROOT","MDC_KEY1":"As","MDC_KEY2":"ABC"},"id":"<ID>","version":"0"}
{"time":"<TIME>","name":"log","level":"crit","data":{"message":"This is an error"},"context":{"host":"<HOST>","processId":"<PROCESS_ID>","threadId":"<THREAD_ID>","logger":"ROOT","MDC_KEY1":"123","MDC_KEY2":null},"id":"<ID>","version":"0"}
