{"time":"<TIME>","name":"test","level":"info","data":{"message":"Widget.class","widget":{"id":"<ID>","class":"com.arpnetworking.logback.widgets.Widget"}},"context":{"host":"<HOST>","processId":"<PROCESS_ID>","threadId":"<THREAD_ID>","logger":"ROOT"},"id":"<ID>","version":"0"}
{"time":"<TIME>","name":"test","level":"info","data":{"message":"WidgetWithLoggable.class","widget":{"value":"w2"}},"context":{"host":"<HOST>","processId":"<PROCESS_ID>","threadId":"<THREAD_ID>","logger":"ROOT"},"id":"<ID>","version":"0"}
{"time":"<TIME>","name":"test","level":"info","data":{"message":"WidgetWithAnnotatedSerializer.class","widget":{"serializerValue":"w3"}},"context":{"host":"<HOST>","processId":"<PROCESS_ID>","threadId":"<THREAD_ID>","logger":"ROOT"},"id":"<ID>","version":"0"}
{"time":"<TIME>","name":"test","level":"info","data":{"message":"WidgetWithSerializer.class","widget":{"serializerValue":"w4"}},"context":{"host":"<HOST>","processId":"<PROCESS_ID>","threadId":"<THREAD_ID>","logger":"ROOT"},"id":"<ID>","version":"0"}
{"time":"<TIME>","name":"test","level":"info","data":{"message":"WidgetWithJsonValue.class","widget":{"jsonValue":"w5"}},"context":{"host":"<HOST>","processId":"<PROCESS_ID>","threadId":"<THREAD_ID>","logger":"ROOT"},"id":"<ID>","version":"0"}
{"time":"<TIME>","name":"test","level":"info","data":{"message":"WidgetWithLogValue.class","widget":{"logValue":"w6"}},"context":{"host":"<HOST>","processId":"<PROCESS_ID>","threadId":"<THREAD_ID>","logger":"ROOT"},"id":"<ID>","version":"0"}
{"time":"<TIME>","name":"test","level":"info","data":{"message":"WidgetWithLogValueAndJsonValue.class","widget":{"logValue":"w7"}},"context":{"host":"<HOST>","processId":"<PROCESS_ID>","threadId":"<THREAD_ID>","logger":"ROOT"},"id":"<ID>","version":"0"}
{"time":"<TIME>","name":"test","level":"info","data":{"message":"WidgetWithLogValueDisabled.class","widget":{"id":"<ID>","class":"com.arpnetworking.logback.widgets.WidgetWithLogValueDisabled"}},"context":{"host":"<HOST>","processId":"<PROCESS_ID>","threadId":"<THREAD_ID>","logger":"ROOT"},"id":"<ID>","version":"0"}
{"time":"<TIME>","name":"test","level":"info","data":{"message":"WidgetWithLogValueDisabledAndJsonValue.class","widget":{"jsonValue":"w9"}},"context":{"host":"<HOST>","processId":"<PROCESS_ID>","threadId":"<THREAD_ID>","logger":"ROOT"},"id":"<ID>","version":"0"}
{"time":"<TIME>","name":"test","level":"info","data":{"message":"WidgetWithLogValueDisabledNoFallbackAndJsonValue.class","widget":{"id":"<ID>","class":"com.arpnetworking.logback.widgets.WidgetWithLogValueDisabledNoFallbackAndJsonValue"}},"context":{"host":"<HOST>","processId":"<PROCESS_ID>","threadId":"<THREAD_ID>","logger":"ROOT"},"id":"<ID>","version":"0"}
