{"time":"<TIME>","name":"log","level":"info","data":{"message":"Slf4j"},"context":{"host":"<HOST>","processId":"<PROCESS_ID>","threadId":"<THREAD_ID>","logger":"ROOT","class":"com.arpnetworking.StenoEncoderRuntimeContextIntegrationTest","method":"test","line":"32"},"id":"<ID>","version":"0"}
{"time":"<TIME>","name":"IT","level":"info","data":{"message":"Marker"},"context":{"host":"<HOST>","processId":"<PROCESS_ID>","threadId":"<THREAD_ID>","logger":"ROOT","class":"com.arpnetworking.StenoEncoderRuntimeContextIntegrationTest","method":"test","line":"34"},"id":"<ID>","version":"0"}
{"time":"<TIME>","name":"log","level":"info","data":{"message":"Steno.Log"},"context":{"host":"<HOST>","processId":"<PROCESS_ID>","threadId":"<THREAD_ID>","logger":"ROOT","class":"com.arpnetworking.StenoEncoderRuntimeContextIntegrationTest","method":"test","line":"39"},"id":"<ID>","version":"0"}
{"time":"<TIME>","name":"log","level":"info","data":{"message":"Steno.Log"},"exception":{"type":"java.lang.IllegalArgumentException","message":"IAE","backtrace":[],"data":{}},"context":{"host":"<HOST>","processId":"<PROCESS_ID>","threadId":"<THREAD_ID>","logger":"ROOT","class":"com.arpnetworking.StenoEncoderRuntimeContextIntegrationTest","method":"test","line":"41"},"id":"<ID>","version":"0"}
{"time":"<TIME>","name":"IT","level":"info","data":{"message":"Steno.LogBuilder"},"context":{"host":"<HOST>","processId":"<PROCESS_ID>","threadId":"<THREAD_ID>","logger":"ROOT","class":"com.arpnetworking.StenoEncoderRuntimeContextIntegrationTest","method":"test","line":"43"},"id":"<ID>","version":"0"}
{"time":"<TIME>","name":"IT","level":"info","data":{"message":"Steno.LambdaLogBuilder"},"context":{"host":"<HOST>","processId":"<PROCESS_ID>","threadId":"<THREAD_ID>","logger":"ROOT","class":"com.arpnetworking.StenoEncoderRuntimeContextIntegrationTest","method":"test","line":"45"},"id":"<ID>","version":"0"}
{"time":"<TIME>","name":"IT","level":"info","data":{"message":"Steno.LogMessage"},"context":{"host":"<HOST>","processId":"<PROCESS_ID>","threadId":"<THREAD_ID>","logger":"ROOT","class":"com.arpnetworking.StenoEncoderRuntimeContextIntegrationTest","method":"test","line":"49"},"id":"<ID>","version":"0"}
{"time":"<TIME>","name":"IT","level":"info","data":{"message":"Steno.LogMessage"},"exception":{"type":"java.lang.IllegalArgumentException","message":"IAE","backtrace":[],"data":{}},"context":{"host":"<HOST>","processId":"<PROCESS_ID>","threadId":"<THREAD_ID>","logger":"ROOT","class":"com.arpnetworking.StenoEncoderRuntimeContextIntegrationTest","method":"test","line":"51"},"id":"<ID>","version":"0"}
{"time":"<TIME>","name":"IT","level":"info","data":{"message":"Steno.LogMap","Foo":"Bar"},"context":{"host":"<HOST>","processId":"<PROCESS_ID>","threadId":"<THREAD_ID>","logger":"ROOT","class":"com.arpnetworking.StenoEncoderRuntimeContextIntegrationTest","method":"test","line":"53"},"id":"<ID>","version":"0"}
{"time":"<TIME>","name":"IT","level":"info","data":{"message":"Steno.LogMap","Foo":"Bar"},"exception":{"type":"java.lang.IllegalArgumentException","message":"IAE","backtrace":[],"data":{}},"context":{"host":"<HOST>","processId":"<PROCESS_ID>","threadId":"<THREAD_ID>","logger":"ROOT","class":"com.arpnetworking.StenoEncoderRuntimeContextIntegrationTest","method":"test","line":"55"},"id":"<ID>","version":"0"}
{"time":"<TIME>","name":"IT","level":"info","data":{"message":"Steno.LogArray","Foo":"Bar"},"context":{"host":"<HOST>","processId":"<PROCESS_ID>","threadId":"<THREAD_ID>","logger":"ROOT","class":"com.arpnetworking.StenoEncoderRuntimeContextIntegrationTest","method":"test","line":"61"},"id":"<ID>","version":"0"}
{"time":"<TIME>","name":"IT","level":"info","data":{"message":"Steno.LogArray","Foo":"Bar"},"exception":{"type":"java.lang.IllegalArgumentException","message":"IAE","backtrace":[],"data":{}},"context":{"host":"<HOST>","processId":"<PROCESS_ID>","threadId":"<THREAD_ID>","logger":"ROOT","class":"com.arpnetworking.StenoEncoderRuntimeContextIntegrationTest","method":"test","line":"63"},"id":"<ID>","version":"0"}
{"time":"<TIME>","name":"IT","level":"info","data":{"message":"Steno.LogDirect","Foo":"Bar"},"context":{"host":"<HOST>","processId":"<PROCESS_ID>","threadId":"<THREAD_ID>","logger":"ROOT","class":"com.arpnetworking.StenoEncoderRuntimeContextIntegrationTest","method":"test","line":"70"},"id":"<ID>","version":"0"}
{"time":"<TIME>","name":"IT","level":"info","data":{"message":"Steno.LogDirect","Foo":"Bar"},"exception":{"type":"java.lang.IllegalArgumentException","message":"IAE","backtrace":[],"data":{}},"context":{"host":"<HOST>","processId":"<PROCESS_ID>","threadId":"<THREAD_ID>","logger":"ROOT","class":"com.arpnetworking.StenoEncoderRuntimeContextIntegrationTest","method":"test","line":"72"},"id":"<ID>","version":"0"}
{"time":"<TIME>","name":"IT","level":"info","data":{"message":"Steno.LogDirect","Foo":"Bar","Hi":"Ho"},"context":{"host":"<HOST>","processId":"<PROCESS_ID>","threadId":"<THREAD_ID>","logger":"ROOT","class":"com.arpnetworking.StenoEncoderRuntimeContextIntegrationTest","method":"test","line":"74"},"id":"<ID>","version":"0"}
{"time":"<TIME>","name":"IT","level":"info","data":{"message":"Steno.LogDirect","Foo":"Bar","Hi":"Ho"},"exception":{"type":"java.lang.IllegalArgumentException","message":"IAE","backtrace":[],"data":{}},"context":{"host":"<HOST>","processId":"<PROCESS_ID>","threadId":"<THREAD_ID>","logger":"ROOT","class":"com.arpnetworking.StenoEncoderRuntimeContextIntegrationTest","method":"test","line":"76"},"id":"<ID>","version":"0"}
