{"time":"<TIME>","name":"log","level":"info","data":{"message":"1. TestException"},"exception":{"type":"com.arpnetworking.logback.widgets.TestException","message":"TestException","backtrace":[],"data":{"_id":"<ID>","_class":"com.arpnetworking.logback.widgets.TestException"}},"context":{"host":"<HOST>","processId":"<PROCESS_ID>","threadId":"<THREAD_ID>","logger":"ROOT"},"id":"<ID>","version":"0"}
{"time":"<TIME>","name":"log","level":"info","data":{"message":"2. TestExceptionWithLoggable"},"exception":{"type":"com.arpnetworking.logback.widgets.TestExceptionWithLoggable","message":"TestExceptionWithLoggable","backtrace":[],"data":{"value":"TestExceptionWithLoggable"}},"context":{"host":"<HOST>","processId":"<PROCESS_ID>","threadId":"<THREAD_ID>","logger":"ROOT"},"id":"<ID>","version":"0"}
{"time":"<TIME>","name":"log","level":"info","data":{"message":"3. TestException"},"exception":{"type":"com.arpnetworking.logback.widgets.TestException","message":"TestException","backtrace":[],"data":{"_id":"<ID>","_class":"com.arpnetworking.logback.widgets.TestException"}},"context":{"host":"<HOST>","processId":"<PROCESS_ID>","threadId":"<THREAD_ID>","logger":"ROOT"},"id":"<ID>","version":"0"}
{"time":"<TIME>","name":"log","level":"info","data":{"message":"4. TestExceptionWithLoggable"},"exception":{"type":"com.arpnetworking.logback.widgets.TestExceptionWithLoggable","message":"TestExceptionWithLoggable","backtrace":[],"data":{"value":"TestExceptionWithLoggable"}},"context":{"host":"<HOST>","processId":"<PROCESS_ID>","threadId":"<THREAD_ID>","logger":"ROOT"},"id":"<ID>","version":"0"}
